[01:52:16] list proceso_id=3 — filas BD: 6 — nulas_fecha: 0 — nulos_id: 0
[01:53:57] list proceso_id=3 — filas BD: 0 — nulas_fecha: 0 — nulos_id: 0
[01:54:18] === INICIO radicado=08638310500120250000600 ===
[01:54:18] GET https://consultaprocesos.ramajudicial.gov.co:448/api/v2/Procesos/Consulta/NumeroRadicacion?numero=08638310500120250000600&SoloActivos=false&pagina=1
[01:54:19]   OK 582ms — 821 bytes
[01:54:19]   Pag 1 — despachos en esta pagina: 1
[01:54:19]   totalPaginas=1 (registros=1, porPagina=20)
[01:54:19] Total despachos encontrados: 1
[01:54:19] -- Despacho 0: idProceso=3247239201 | JUZGADO 001 LABORAL  DE SABANALARGA
[01:54:19] GET https://consultaprocesos.ramajudicial.gov.co:448/api/v2/Proceso/Actuaciones/3247239201?pagina=1
[01:54:20]   OK 634ms — 2225 bytes
[01:54:20]   Pag 1 — actuaciones recibidas: 6
[01:54:20]   totalPaginas=1 (registros=6, porPagina=40)
[01:54:20]   Pag 1 completada. totalPaginas=1
[01:54:20]   Despacho 3247239201 — total actuaciones extraidas: 6
[01:54:20] === FIN — total resultado: 6 actuaciones ===
[01:54:20] SYNC FIN proceso_id=3 — API: insertadas:6 ya_existian:0
[01:55:16] list proceso_id=3 — filas BD: 6 — nulas_fecha: 0 — nulos_id: 0
[02:36:32] list proceso_id=14 — filas BD: 0 — nulas_fecha: 0 — nulos_id: 0
[02:41:48] list proceso_id=3 — filas BD: 6 — nulas_fecha: 0 — nulos_id: 0
[02:41:50] === INICIO radicado=08638310500120250000600 ===
[02:41:50] GET https://consultaprocesos.ramajudicial.gov.co:448/api/v2/Procesos/Consulta/NumeroRadicacion?numero=08638310500120250000600&SoloActivos=false&pagina=1
[02:41:51]   OK 526ms — 821 bytes
[02:41:51]   Pag 1 — despachos en esta pagina: 1
[02:41:51]   totalPaginas=1 (registros=1, porPagina=20)
[02:41:51] Total despachos encontrados: 1
[02:41:51] -- Despacho 0: idProceso=3247239201 | JUZGADO 001 LABORAL  DE SABANALARGA
[02:41:51] GET https://consultaprocesos.ramajudicial.gov.co:448/api/v2/Proceso/Actuaciones/3247239201?pagina=1
[02:41:51]   OK 393ms — 2225 bytes
[02:41:51]   Pag 1 — actuaciones recibidas: 6
[02:41:51]   totalPaginas=1 (registros=6, porPagina=40)
[02:41:51]   Pag 1 completada. totalPaginas=1
[02:41:51]   Despacho 3247239201 — total actuaciones extraidas: 6
[02:41:51] === FIN — total resultado: 6 actuaciones ===
[02:41:51] SYNC FIN proceso_id=3 — API: insertadas:0 ya_existian:6
[02:41:51] list proceso_id=3 — filas BD: 6 — nulas_fecha: 0 — nulos_id: 0
[02:43:40] list proceso_id=3 — filas BD: 6 — nulas_fecha: 0 — nulos_id: 0
[02:43:41] === INICIO radicado=08638310500120250000600 ===
[02:43:41] GET https://consultaprocesos.ramajudicial.gov.co:448/api/v2/Procesos/Consulta/NumeroRadicacion?numero=08638310500120250000600&SoloActivos=false&pagina=1
[02:43:41]   OK 407ms — 821 bytes
[02:43:41]   Pag 1 — despachos en esta pagina: 1
[02:43:41]   totalPaginas=1 (registros=1, porPagina=20)
[02:43:41] Total despachos encontrados: 1
[02:43:41] -- Despacho 0: idProceso=3247239201 | JUZGADO 001 LABORAL  DE SABANALARGA
[02:43:41] GET https://consultaprocesos.ramajudicial.gov.co:448/api/v2/Proceso/Actuaciones/3247239201?pagina=1
[02:43:42]   OK 398ms — 2225 bytes
[02:43:42]   Pag 1 — actuaciones recibidas: 6
[02:43:42]   totalPaginas=1 (registros=6, porPagina=40)
[02:43:42]   Pag 1 completada. totalPaginas=1
[02:43:42]   Despacho 3247239201 — total actuaciones extraidas: 6
[02:43:42] === FIN — total resultado: 6 actuaciones ===
[02:43:42] SYNC FIN proceso_id=3 — API:6 insertadas:0 ya_existian:6
[02:43:42] list proceso_id=3 — filas BD: 6 — nulas_fecha: 0 — nulos_id: 0
[02:45:45] list proceso_id=15 — filas BD: 4 — nulas_fecha: 0 — nulos_id: 0
[03:48:04] list proceso_id=15 — filas BD: 4 — nulas_fecha: 0 — nulos_id: 0
[03:54:29] list proceso_id=15 — filas BD: 4 — nulas_fecha: 0 — nulos_id: 0
[20:38:41] list proceso_id=15 — filas BD: 4 — nulas_fecha: 0 — nulos_id: 0
[14:02:28] list proceso_id=15 — filas BD: 4 — nulas_fecha: 0 — nulos_id: 0
[14:02:35] list proceso_id=14 — filas BD: 0 — nulas_fecha: 0 — nulos_id: 0
[14:12:44] list proceso_id=15 — filas BD: 4 — nulas_fecha: 0 — nulos_id: 0
[14:12:50] list proceso_id=14 — filas BD: 0 — nulas_fecha: 0 — nulos_id: 0
[14:13:01] list proceso_id=3 — filas BD: 6 — nulas_fecha: 0 — nulos_id: 0
[14:13:23] list proceso_id=14 — filas BD: 0 — nulas_fecha: 0 — nulos_id: 0
[23:34:20] list proceso_id=1 — filas BD: 0 — nulas_fecha: 0 — nulos_id: 0
[23:34:24] === INICIO radicado=08001405301420220040400 ===
[23:34:24] GET https://consultaprocesos.ramajudicial.gov.co:448/api/v2/Procesos/Consulta/NumeroRadicacion?numero=08001405301420220040400&SoloActivos=false&pagina=1
[23:34:25]   OK 694ms — 1403 bytes
[23:34:25]   Pag 1 — despachos en esta pagina: 2
[23:34:25]   totalPaginas=1 (registros=2, porPagina=20)
[23:34:25] Total despachos encontrados: 2
[23:34:25] -- Despacho 0: idProceso=133905621 | DESPACHO 014 - JUZGADO MUNICIPAL - CIVIL ORALIDAD - BARRANQUILLA *
[23:34:25] GET https://consultaprocesos.ramajudicial.gov.co:448/api/v2/Proceso/Actuaciones/133905621?pagina=1
[23:34:25]   OK 540ms — 14547 bytes
[23:34:25]   Pag 1 — actuaciones recibidas: 40
[23:34:25]   totalPaginas=2 (registros=45, porPagina=40)
[23:34:25]   Pag 1 completada. totalPaginas=2
[23:34:25] GET https://consultaprocesos.ramajudicial.gov.co:448/api/v2/Proceso/Actuaciones/133905621?pagina=2
[23:34:26]   OK 1240ms — 1996 bytes
[23:34:26]   Pag 2 — actuaciones recibidas: 5
[23:34:26]   totalPaginas=2 (registros=45, porPagina=40)
[23:34:26]   Pag 2 completada. totalPaginas=2
[23:34:26]   Despacho 133905621 — total actuaciones extraidas: 45
[23:34:26] -- Despacho 1: idProceso=3177386321 | JUZGADO 004 CIVIL MUNICIPAL DE EJECUCIÓN DE SENTENCIAS DE BARRANQUILLA
[23:34:26] GET https://consultaprocesos.ramajudicial.gov.co:448/api/v2/Proceso/Actuaciones/3177386321?pagina=1
[23:34:27]   OK 605ms — 2660 bytes
[23:34:27]   Pag 1 — actuaciones recibidas: 7
[23:34:27]   totalPaginas=1 (registros=7, porPagina=40)
[23:34:27]   Pag 1 completada. totalPaginas=1
[23:34:27]   Despacho 3177386321 — total actuaciones extraidas: 7
[23:34:27] === FIN — total resultado: 52 actuaciones ===
[23:34:27] SYNC FIN proceso_id=1 — API:52 insertadas:52 ya_existian:0
[23:36:24] list proceso_id=1 — filas BD: 52 — nulas_fecha: 0 — nulos_id: 0
[00:06:20] list proceso_id=1 — filas BD: 52 — nulas_fecha: 0 — nulos_id: 0
[04:07:58] list proceso_id=2 — filas BD: 0 — nulas_fecha: 0 — nulos_id: 0
[04:22:49] list proceso_id=4 — filas BD: 0 — nulas_fecha: 0 — nulos_id: 0
[04:22:52] === INICIO radicado=70001333300920260001700 ===
[04:22:52] GET https://consultaprocesos.ramajudicial.gov.co:448/api/v2/Procesos/Consulta/NumeroRadicacion?numero=70001333300920260001700&SoloActivos=false&pagina=1
[04:22:52]   OK 490ms — 765 bytes
[04:22:52]   Pag 1 — despachos en esta pagina: 1
[04:22:52]   totalPaginas=1 (registros=1, porPagina=20)
[04:22:52] Total despachos encontrados: 1
[04:22:52] -- Despacho 0: idProceso=221192660 | JUZGADO 009 ADMINISTRATIVO  DE SINCELEJO
[04:22:52] GET https://consultaprocesos.ramajudicial.gov.co:448/api/v2/Proceso/Actuaciones/221192660?pagina=1
[04:22:52]   OK 415ms — 2376 bytes
[04:22:52]   Pag 1 — actuaciones recibidas: 6
[04:22:52]   totalPaginas=1 (registros=6, porPagina=40)
[04:22:52]   Pag 1 completada. totalPaginas=1
[04:22:52]   Despacho 221192660 — total actuaciones extraidas: 6
[04:22:52] === FIN — total resultado: 6 actuaciones ===
[04:22:52] SYNC FIN proceso_id=4 — API:6 insertadas:6 ya_existian:0
[04:23:10] list proceso_id=4 — filas BD: 6 — nulas_fecha: 0 — nulos_id: 0
