[04:28:53] === SAMAI INICIO radicado=08001333300320230008000 ===
[04:28:53] === SAMAI buscarProceso: 08001333300320230008000 ===
[04:28:54]   Registros: 1
[04:28:54]   → Llamando servicio Playwright...
[04:29:10]   ✓ Servicio devolvió 4 actuaciones (16712ms)
[04:29:10] === SAMAI FIN — 4 actuaciones ===
[11:38:23] === SAMAI INICIO radicado=08001333300320230008000 ===
[11:38:23] === SAMAI buscarProceso: 08001333300320230008000 ===
[11:38:24]   Registros: 1
[11:38:24]   → Llamando servicio Playwright...
[11:38:37]   ✓ Servicio devolvió 4 actuaciones (13165ms)
[11:38:37] === SAMAI FIN — 4 actuaciones ===
[16:46:33] === SAMAI INICIO radicado=08001333300320230008000 ===
[16:46:33] === SAMAI buscarProceso: 08001333300320230008000 ===
[16:46:34]   Registros: 1
[16:46:34]   → Llamando servicio Playwright...
[16:46:52]   ✓ Servicio devolvió 4 actuaciones (17739ms)
[16:46:52] === SAMAI FIN — 4 actuaciones ===
[22:35:53] === SAMAI INICIO radicado=08001333300320230008000 ===
[22:35:53] === SAMAI buscarProceso: 08001333300320230008000 ===
[22:35:54]   Registros: 1
[22:35:54]   → Llamando servicio Playwright en http://127.0.0.1:3001...
[22:35:54]   Health OK (91ms) — iniciando consulta Playwright...
[22:36:09]   ✓ Servicio devolvió 4 actuaciones (15382ms)
[22:36:09] === SAMAI FIN — 4 actuaciones ===
[22:22:31] === SAMAI INICIO radicado=08001333300720260011700 ===
[22:22:31] === SAMAI buscarProceso: 08001333300720260011700 ===
[22:22:32]   Registros: 1
[22:22:32]   → Llamando servicio Playwright en http://127.0.0.1:3001...
[22:22:34]   ✗ Servicio no responde en http://127.0.0.1:3001 (2037ms)
[22:22:34]   Asegúrate de correr: node server.js en samai-service
[15:11:00] === SAMAI INICIO radicado=08001333300320260007300 ===
[15:11:00] === SAMAI buscarProceso: 08001333300320260007300 ===
[15:11:00]   Registros: 1
[15:11:00]   → Llamando servicio Playwright en http://127.0.0.1:3001...
[15:11:00]   Health OK (36ms) — iniciando consulta Playwright...
[15:11:19]   ✓ Servicio devolvió 5 actuaciones (18765ms)
[15:11:19] === SAMAI FIN — 5 actuaciones ===
[16:07:21] === SAMAI INICIO radicado=08001333300920260005100 ===
[16:07:21] === SAMAI buscarProceso: 08001333300920260005100 ===
[16:07:22]   Registros: 1
[16:07:22]   → Llamando servicio Playwright en http://127.0.0.1:3001...
[16:07:22]   Health OK (115ms) — iniciando consulta Playwright...
[16:07:34]   ✓ Servicio devolvió 4 actuaciones (12568ms)
[16:07:34] === SAMAI FIN — 4 actuaciones ===
[16:07:59] === SAMAI INICIO radicado=08001333300720260011700 ===
[16:07:59] === SAMAI buscarProceso: 08001333300720260011700 ===
[16:08:00]   Registros: 1
[16:08:00]   → Llamando servicio Playwright en http://127.0.0.1:3001...
[16:08:00]   Health OK (13ms) — iniciando consulta Playwright...
[16:08:09]   ✓ Servicio devolvió 2 actuaciones (9231ms)
[16:08:09] === SAMAI FIN — 2 actuaciones ===
